<html>
<body>
<pre>
<h1>µVision Build Log</h1>
<h2>Tool Versions:</h2>
IDE-Version: µVision V5.37.0.0
Copyright (C) 2022 ARM Ltd and ARM Germany GmbH. All rights reserved.
License Information: Cristiana Valeca, Military Technical Academy, LIC=----
 
Tool Versions:
Toolchain:       MDK-Lite  Version: 5.37.0.0
Toolchain Path:  C:\Keil_v5\ARM\ARMCLANG\Bin
C Compiler:      ArmClang.exe V6.18
Assembler:       Armasm.exe V6.18
Linker/Locator:  ArmLink.exe V6.18
Library Manager: ArmAr.exe V6.18
Hex Converter:   FromElf.exe V6.18
CPU DLL:         SARMCM3.DLL V5.37.0.0
Dialog DLL:      DARMCM1.DLL V1.19.6.0
Target DLL:      CMSIS_AGDI.dll V1.33.12.0
Dialog DLL:      TARMCM1.DLL V1.14.6.0
 
<h2>Project:</h2>
C:\Users\Valeca\Desktop\Anul 4\Sem I\Micro\poiect2\Project\project.uvprojx
Project File Date:  12/20/2022

<h2>Output:</h2>
*** Using Compiler 'V6.18', folder: 'C:\Keil_v5\ARM\ARMCLANG\Bin'
Rebuild target 'Target 1'
dht.c(1): warning: In file included from...
./dht.h(2): warning: In file included from...
./gpio.h(3): warning: In file included from...
./timer.h(3): warning: In file included from...
./uart.h(3): warning: // comments are not allowed in this language [-Wcomment]
uint8_t UART_read(void); // Reads Serial buffer
                         ^
./uart.h(7): warning: no newline at end of file [-Wnewline-eof]
void UART_println(char* string); // Transmit string followed bt CR&LF through serial UART
                                                                                         ^
dht.c(1): warning: In file included from...
./dht.h(2): warning: In file included from...
./gpio.h(3): warning: In file included from...
./timer.h(7): warning: // comments are not allowed in this language [-Wcomment]
void Timer_Init(void); // Functie de initializarea a modulului periferic
                       ^
./timer.h(12): warning: no newline at end of file [-Wnewline-eof]
unsigned long micros(void);
                           ^
dht.c(1): warning: In file included from...
./dht.h(2): warning: In file included from...
./gpio.h(12): warning: // comments are not allowed in this language [-Wcomment]
#define DHT_PIN (12) // PORT A Digital Temp Sensor
                     ^
dht.c(1): warning: In file included from...
./dht.h(14): warning: // comments are not allowed in this language [-Wcomment]
extern uint8_t bits[5];  // buffer to receive data
                         ^
./dht.h(22): warning: no newline at end of file [-Wnewline-eof]
#endif
      ^
dht.c(5): warning: // comments are not allowed in this language [-Wcomment]
uint8_t bits[5];  // buffer to receive data
                  ^
dht.c(29): warning: implicit conversion turns floating-point number into integer: 'double' to 'int' [-Wfloat-conversion]
                                itoa(humidity,result,10);
                                ~~~~ ^~~~~~~~
dht.c(35): warning: implicit conversion turns floating-point number into integer: 'double' to 'int' [-Wfloat-conversion]
                                itoa(temperature,result,10);
                                ~~~~ ^~~~~~~~~~~
dht.c(28): warning: mixing declarations and code is a C99 extension [-Wdeclaration-after-statement]
                                char result[20];
                                     ^
dht.c(85): warning: mixing declarations and code is a C99 extension [-Wdeclaration-after-statement]
                                                                int test = LOW;
                                                                    ^
dht.c(70): warning: mixing declarations and code is a C99 extension [-Wdeclaration-after-statement]
        unsigned int loopCnt = TIMEOUT;
                     ^
dht.c(119): warning: declaration shadows a variable in the global scope [-Wshadow]
        char buffer[6];
             ^
./gpio.h(19): note: previous declaration is here
extern char buffer[4];
            ^
dht.c(121): warning: mixing declarations and code is a C99 extension [-Wdeclaration-after-statement]
        int temperature_temp = (int)temperature;
            ^
dht.c(125): warning: array index 6 is past the end of the array (which contains 6 elements) [-Warray-bounds]
        buffer[6]='\0';
        ^      ~
dht.c(119): note: array 'buffer' declared here
        char buffer[6];
        ^
dht.c(129): warning: array index 6 is past the end of the array (which contains 6 elements) [-Warray-bounds]
        buffer[6]='\0';
        ^      ~
dht.c(119): note: array 'buffer' declared here
        char buffer[6];
        ^
17 warnings generated.
compiling dht.c...
vibration.c(1): warning: In file included from...
./vibration.h(2): warning: In file included from...
./gpio.h(3): warning: In file included from...
./timer.h(3): warning: In file included from...
./uart.h(3): warning: // comments are not allowed in this language [-Wcomment]
uint8_t UART_read(void); // Reads Serial buffer
                         ^
./uart.h(7): warning: no newline at end of file [-Wnewline-eof]
void UART_println(char* string); // Transmit string followed bt CR&LF through serial UART
                                                                                         ^
vibration.c(1): warning: In file included from...
./vibration.h(2): warning: In file included from...
./gpio.h(3): warning: In file included from...
./timer.h(7): warning: // comments are not allowed in this language [-Wcomment]
void Timer_Init(void); // Functie de initializarea a modulului periferic
                       ^
./timer.h(12): warning: no newline at end of file [-Wnewline-eof]
unsigned long micros(void);
                           ^
vibration.c(1): warning: In file included from...
./vibration.h(2): warning: In file included from...
./gpio.h(12): warning: // comments are not allowed in this language [-Wcomment]
#define DHT_PIN (12) // PORT A Digital Temp Sensor
                     ^
vibration.c(1): warning: In file included from...
./vibration.h(4): warning: // comments are not allowed in this language [-Wcomment]
int readVibration(void); // Handles the digital vibration sensor
                         ^
./vibration.h(5): warning: no newline at end of file [-Wnewline-eof]
void printVibration(void); // Prints the current state
                                                      ^
vibration.c(13): warning: declaration shadows a variable in the global scope [-Wshadow]
        char buffer[6];
             ^
./gpio.h(19): note: previous declaration is here
extern char buffer[4];
            ^
vibration.c(19): warning: // comments are not allowed in this language [-Wcomment]
        //vibrationCount = 0;
        ^
vibration.c(20): warning: no newline at end of file [-Wnewline-eof]
}
 ^
vibration.c(16): warning: array index 6 is past the end of the array (which contains 6 elements) [-Warray-bounds]
        buffer[6]='\0';
        ^      ~
vibration.c(13): note: array 'buffer' declared here
        char buffer[6];
        ^
11 warnings generated.
compiling vibration.c...
timer.c(1): warning: In file included from...
./timer.h(3): warning: In file included from...
./uart.h(3): warning: // comments are not allowed in this language [-Wcomment]
uint8_t UART_read(void); // Reads Serial buffer
                         ^
./uart.h(7): warning: no newline at end of file [-Wnewline-eof]
void UART_println(char* string); // Transmit string followed bt CR&LF through serial UART
                                                                                         ^
timer.c(1): warning: In file included from...
./timer.h(7): warning: // comments are not allowed in this language [-Wcomment]
void Timer_Init(void); // Functie de initializarea a modulului periferic
                       ^
./timer.h(12): warning: no newline at end of file [-Wnewline-eof]
unsigned long micros(void);
                           ^
timer.c(3): warning: // comments are not allowed in this language [-Wcomment]
int timerCounter; // nuamra cate 2 microsecunde -> folosit in functiiile de delay
                  ^
timer.c(41): warning: empty expression statement has no effect; remove unnecessary ';' to silence this warning [-Wextra-semi-stmt]
        while(timerCounter < x){;}
                                ^
timer.c(52): warning: no newline at end of file [-Wnewline-eof]
}
 ^
timer.c(4): warning: no previous extern declaration for non-static variable 'microCounter' [-Wmissing-variable-declarations]
unsigned long microCounter; //numara microsecunde
              ^
timer.c(4): note: declare 'static' if the variable is not intended to be used outside of this translation unit
unsigned long microCounter; //numara microsecunde
^
8 warnings generated.
compiling timer.c...
uart.c(1): warning: In file included from...
./uart.h(3): warning: // comments are not allowed in this language [-Wcomment]
uint8_t UART_read(void); // Reads Serial buffer
                         ^
./uart.h(7): warning: no newline at end of file [-Wnewline-eof]
void UART_println(char* string); // Transmit string followed bt CR&LF through serial UART
                                                                                         ^
uart.c(6): warning: // comments are not allowed in this language [-Wcomment]
        //Punem in asteptare pana cand registrul de receptie nu este plin
        ^
uart.c(7): warning: while loop has empty body [-Wempty-body]
        while(!(UART0->S1 & UART0_S1_RDRF_MASK));
                                                ^
uart.c(7): note: put the semicolon on a separate line to silence this warning
uart.c(10): warning: no previous prototype for function 'UART0_IRQHandler' [-Wmissing-prototypes]
void UART0_IRQHandler(void) {
     ^
uart.c(10): note: declare 'static' if the function is not intended to be used outside of this translation unit
void UART0_IRQHandler(void) {
^
static 
uart.c(47): warning: mixing declarations and code is a C99 extension [-Wdeclaration-after-statement]
        uint32_t osr = 15; // Over-Sampling Rate (numarul de esantioane luate per bit-time)
                 ^
uart.c(90): warning: no newline at end of file [-Wnewline-eof]
}
 ^
7 warnings generated.
compiling uart.c...
gpio.c(1): warning: In file included from...
./gpio.h(3): warning: In file included from...
./timer.h(3): warning: In file included from...
./uart.h(3): warning: // comments are not allowed in this language [-Wcomment]
uint8_t UART_read(void); // Reads Serial buffer
                         ^
./uart.h(7): warning: no newline at end of file [-Wnewline-eof]
void UART_println(char* string); // Transmit string followed bt CR&LF through serial UART
                                                                                         ^
gpio.c(1): warning: In file included from...
./gpio.h(3): warning: In file included from...
./timer.h(7): warning: // comments are not allowed in this language [-Wcomment]
void Timer_Init(void); // Functie de initializarea a modulului periferic
                       ^
./timer.h(12): warning: no newline at end of file [-Wnewline-eof]
unsigned long micros(void);
                           ^
gpio.c(1): warning: In file included from...
./gpio.h(12): warning: // comments are not allowed in this language [-Wcomment]
#define DHT_PIN (12) // PORT A Digital Temp Sensor
                     ^
gpio.c(2): warning: no previous extern declaration for non-static variable 'ledState' [-Wmissing-variable-declarations]
uint8_t ledState = 0;
        ^
gpio.c(2): note: declare 'static' if the variable is not intended to be used outside of this translation unit
uint8_t ledState = 0;
^
gpio.c(3): warning: no previous extern declaration for non-static variable 'ledOverride' [-Wmissing-variable-declarations]
uint8_t ledOverride = 0;
        ^
gpio.c(3): note: declare 'static' if the variable is not intended to be used outside of this translation unit
uint8_t ledOverride = 0;
^
gpio.c(6): warning: // comments are not allowed in this language [-Wcomment]
        // Activation of PORT A, PORT B and PORT D signals
        ^
gpio.c(113): warning: mixing declarations and code is a C99 extension [-Wdeclaration-after-statement]
    char* ptr = result, *ptr1 = result, tmp_char;
          ^
9 warnings generated.
compiling gpio.c...
assembling startup_MKL25Z4.s...
main.c(1): warning: In file included from...
./dht.h(2): warning: In file included from...
./gpio.h(3): warning: In file included from...
./timer.h(3): warning: In file included from...
./uart.h(3): warning: // comments are not allowed in this language [-Wcomment]
uint8_t UART_read(void); // Reads Serial buffer
                         ^
./uart.h(7): warning: no newline at end of file [-Wnewline-eof]
void UART_println(char* string); // Transmit string followed bt CR&LF through serial UART
                                                                                         ^
main.c(1): warning: In file included from...
./dht.h(2): warning: In file included from...
./gpio.h(3): warning: In file included from...
./timer.h(7): warning: // comments are not allowed in this language [-Wcomment]
void Timer_Init(void); // Functie de initializarea a modulului periferic
                       ^
./timer.h(12): warning: no newline at end of file [-Wnewline-eof]
unsigned long micros(void);
                           ^
main.c(1): warning: In file included from...
./dht.h(2): warning: In file included from...
./gpio.h(12): warning: // comments are not allowed in this language [-Wcomment]
#define DHT_PIN (12) // PORT A Digital Temp Sensor
                     ^
main.c(1): warning: In file included from...
./dht.h(14): warning: // comments are not allowed in this language [-Wcomment]
extern uint8_t bits[5];  // buffer to receive data
                         ^
./dht.h(22): warning: no newline at end of file [-Wnewline-eof]
#endif
      ^
main.c(2): warning: In file included from...
./vibration.h(2): warning: In file included from...
./gpio.h(3): warning: In file included from...
./timer.h(3): warning: In file included from...
./uart.h(3): warning: // comments are not allowed in this language [-Wcomment]
uint8_t UART_read(void); // Reads Serial buffer
                         ^
./uart.h(7): warning: no newline at end of file [-Wnewline-eof]
void UART_println(char* string); // Transmit string followed bt CR&LF through serial UART
                                                                                         ^
main.c(2): warning: In file included from...
./vibration.h(2): warning: In file included from...
./gpio.h(3): warning: In file included from...
./timer.h(7): warning: // comments are not allowed in this language [-Wcomment]
void Timer_Init(void); // Functie de initializarea a modulului periferic
                       ^
./timer.h(12): warning: no newline at end of file [-Wnewline-eof]
unsigned long micros(void);
                           ^
main.c(2): warning: In file included from...
./vibration.h(2): warning: In file included from...
./gpio.h(12): warning: // comments are not allowed in this language [-Wcomment]
#define DHT_PIN (12) // PORT A Digital Temp Sensor
                     ^
main.c(2): warning: In file included from...
./vibration.h(4): warning: // comments are not allowed in this language [-Wcomment]
int readVibration(void); // Handles the digital vibration sensor
                         ^
./vibration.h(5): warning: no newline at end of file [-Wnewline-eof]
void printVibration(void); // Prints the current state
                                                      ^
main.c(13): warning: no previous prototype for function 'decideSensorValues' [-Wmissing-prototypes]
void decideSensorValues()
     ^
main.c(13): note: declare 'static' if the function is not intended to be used outside of this translation unit
void decideSensorValues()
^
static 
main.c(13): warning: this old-style function definition is not preceded by a prototype [-Wstrict-prototypes]
void decideSensorValues()
                       ^
16 warnings generated.
compiling main.c...
compiling system_MKL25Z4.c...
linking...
Program Size: Code=4028 RO-data=324 RW-data=0 ZI-data=392  
".\Objects\project.axf" - 0 Error(s), 68 Warning(s).

<h2>Software Packages used:</h2>

Package Vendor: ARM
                http://www.keil.com/pack/ARM.CMSIS.5.9.0.pack
                ARM.CMSIS.5.9.0
                CMSIS (Common Microcontroller Software Interface Standard)
   * Component: CORE Version: 5.6.0

Package Vendor: Keil
                http://www.keil.com/pack/Keil.Kinetis_KLxx_DFP.1.15.0.pack
                Keil.Kinetis_KLxx_DFP.1.15.0
                NXP Kinetis KLxx Series Device Support and Examples
   * Component: Startup Version: 2.5.0

<h2>Collection of Component include folders:</h2>
  ./RTE/Device/MKL25Z128xxx4
  ./RTE/_Target_1
  C:/Users/Valeca/AppData/Local/Arm/Packs/ARM/CMSIS/5.9.0/CMSIS/Core/Include
  C:/Users/Valeca/AppData/Local/Arm/Packs/Keil/Kinetis_KLxx_DFP/1.15.0/Device/Include

<h2>Collection of Component Files used:</h2>

   * Component: ARM::CMSIS:CORE:5.6.0

   * Component: Keil::Device:Startup:2.5.0
      Include file:  Device/Source/system_MKL25Z4.h
      Source file:   Device/Source/ARM/startup_MKL25Z4.s
      Source file:   Device/Source/system_MKL25Z4.c
Build Time Elapsed:  00:00:01
</pre>
</body>
</html>
